stations: PPMA PSAB
channels: HHE HHN HHZ
[mié 03 sep 2025 13:17:27 CEST] Dowloading files...
Connecting to 193.147.109.7...

ERROR: Download failed. See /home/gsus/Documentos/GitHub/DigiVolCan/monitoring/logs/pull_error.log.

==============================================================

stations: PPMA PSAB
channels: HHE HHN HHZ
[mié 03 sep 2025 13:24:45 CEST] Dowloading files...
Connecting to null...

ERROR: Download failed. See /home/gsus/Documentos/GitHub/DigiVolCan/monitoring/logs/pull_error.log.

==============================================================

stations: PPMA PSAB
channels: HHE HHN HHZ
[mié 03 sep 2025 13:25:17 CEST] Dowloading files...
Connecting to null...

ERROR: Download failed. See /home/gsus/Documentos/GitHub/DigiVolCan/monitoring/logs/pull_error.log.

==============================================================

stations: PPMA PSAB
channels: HHE HHN HHZ
[mié 03 sep 2025 13:25:46 CEST] Dowloading files...
Connecting to 193.147.109.7...
Connected to 193.147.109.7.
Downloading files...
Process completed. Total time: 0:00:05.737478
6 successful downloads. 0 failed downloads.

==============================================================

stations: PPMA PSAB
channels: HHE HHN HHZ
[mié 03 sep 2025 13:54:01 CEST] Dowloading files...
Connecting to 193.147.109.7...
Connected to 193.147.109.7.
Downloading files...
Process completed. Total time: 0:00:06.097442
6 successful downloads. 0 failed downloads.

==============================================================

stations: PPMA PSAB
channels: HHE HHN HHZ
[mié 03 sep 2025 14:05:04 CEST] Dowloading files...
Connecting to 193.147.109.7...
Connected to 193.147.109.7.
Downloading files...
Process completed. Total time: 0:00:06.170374
6 successful downloads. 0 failed downloads.

==============================================================

stations: PPMA PSAB
channels: HHE HHN HHZ
[mié 03 sep 2025 14:10:04 CEST] Dowloading files...
Connecting to 193.147.109.7...
Connected to 193.147.109.7.
Downloading files...
Process completed. Total time: 0:00:05.981399
6 successful downloads. 0 failed downloads.

==============================================================

stations: PPMA PSAB
channels: HHE HHN HHZ
[mié 03 sep 2025 14:15:04 CEST] Dowloading files...
Connecting to 193.147.109.7...
Connected to 193.147.109.7.
Downloading files...
Process completed. Total time: 0:00:05.929821
6 successful downloads. 0 failed downloads.

==============================================================

stations: PPMA PSAB
channels: HHE HHN HHZ
[mié 03 sep 2025 14:20:04 CEST] Dowloading files...
Connecting to 193.147.109.7...
Connected to 193.147.109.7.
Downloading files...
Process completed. Total time: 0:00:05.986302
6 successful downloads. 0 failed downloads.

==============================================================

stations: PPMA PSAB
channels: HHE HHN HHZ
[mié 03 sep 2025 14:25:04 CEST] Dowloading files...
Connecting to 193.147.109.7...
Connected to 193.147.109.7.
Downloading files...
Process completed. Total time: 0:00:06.088823
6 successful downloads. 0 failed downloads.

==============================================================

stations: PPMA PSAB
channels: HHE HHN HHZ
[mié 03 sep 2025 14:30:04 CEST] Dowloading files...
Connecting to 193.147.109.7...
Connected to 193.147.109.7.
Downloading files...
Process completed. Total time: 0:00:06.096170
6 successful downloads. 0 failed downloads.

==============================================================

stations: PPMA PSAB
channels: HHE HHN HHZ
[mié 03 sep 2025 14:35:03 CEST] Dowloading files...
Connecting to 193.147.109.7...
Connected to 193.147.109.7.
Downloading files...
Process completed. Total time: 0:00:05.352666
6 successful downloads. 0 failed downloads.

==============================================================

stations: PPMA PSAB
channels: HHE HHN HHZ
[mié 03 sep 2025 14:40:04 CEST] Dowloading files...
Connecting to 193.147.109.7...
Connected to 193.147.109.7.
Downloading files...
Process completed. Total time: 0:00:06.120388
6 successful downloads. 0 failed downloads.

==============================================================

stations: PPMA PSAB
channels: HHE HHN HHZ
[mié 03 sep 2025 14:45:03 CEST] Dowloading files...
Connecting to 193.147.109.7...
Connected to 193.147.109.7.
Downloading files...
Process completed. Total time: 0:00:06.104119
6 successful downloads. 0 failed downloads.

==============================================================

stations: PPMA PSAB
channels: HHE HHN HHZ
[mié 03 sep 2025 14:50:04 CEST] Dowloading files...
Connecting to 193.147.109.7...
Connected to 193.147.109.7.
Downloading files...
Process completed. Total time: 0:00:06.009327
6 successful downloads. 0 failed downloads.

==============================================================

stations: PPMA PSAB
channels: HHE HHN HHZ
[mié 03 sep 2025 14:55:03 CEST] Dowloading files...
Connecting to 193.147.109.7...
Connected to 193.147.109.7.
Downloading files...
Process completed. Total time: 0:00:06.110871
6 successful downloads. 0 failed downloads.

==============================================================

stations: PPMA PSAB
channels: HHE HHN HHZ
[mié 03 sep 2025 15:00:04 CEST] Dowloading files...
Connecting to 193.147.109.7...
Connected to 193.147.109.7.
Downloading files...
Process completed. Total time: 0:00:06.052845
6 successful downloads. 0 failed downloads.

==============================================================

stations: PPMA PSAB
channels: HHE HHN HHZ
[mié 03 sep 2025 15:05:03 CEST] Dowloading files...
Connecting to 193.147.109.7...
Connected to 193.147.109.7.
Downloading files...
Process completed. Total time: 0:00:06.199599
6 successful downloads. 0 failed downloads.

==============================================================

stations: PPMA PSAB
channels: HHE HHN HHZ
[mié 03 sep 2025 15:10:03 CEST] Dowloading files...
Connecting to 193.147.109.7...
Connected to 193.147.109.7.
Downloading files...
Process completed. Total time: 0:00:06.126467
6 successful downloads. 0 failed downloads.

==============================================================

stations: PPMA PSAB
channels: HHE HHN HHZ
[mié 03 sep 2025 15:15:03 CEST] Dowloading files...
Connecting to 193.147.109.7...
Connected to 193.147.109.7.
Downloading files...
Process completed. Total time: 0:00:06.093638
6 successful downloads. 0 failed downloads.

==============================================================

stations: PPMA PSAB
channels: HHE HHN HHZ
[mié 03 sep 2025 15:20:04 CEST] Dowloading files...
Connecting to 193.147.109.7...
Connected to 193.147.109.7.
Downloading files...
Process completed. Total time: 0:00:06.261857
6 successful downloads. 0 failed downloads.

==============================================================

stations: PPMA PSAB
channels: HHE HHN HHZ
[mié 03 sep 2025 15:25:03 CEST] Dowloading files...
Connecting to 193.147.109.7...
Connected to 193.147.109.7.
Downloading files...
Process completed. Total time: 0:00:06.120590
6 successful downloads. 0 failed downloads.

==============================================================

stations: PPMA PSAB
channels: HHE HHN HHZ
[mié 03 sep 2025 15:30:04 CEST] Dowloading files...
Connecting to 193.147.109.7...
Connected to 193.147.109.7.
Downloading files...
Process completed. Total time: 0:00:06.261390
6 successful downloads. 0 failed downloads.

==============================================================

stations: PPMA PSAB
channels: HHE HHN HHZ
[mié 03 sep 2025 15:35:03 CEST] Dowloading files...
Connecting to 193.147.109.7...
Connected to 193.147.109.7.
Downloading files...
Process completed. Total time: 0:00:06.394160
6 successful downloads. 0 failed downloads.

==============================================================

stations: PPMA PSAB
channels: HHE HHN HHZ
[mié 03 sep 2025 15:40:04 CEST] Dowloading files...
Connecting to 193.147.109.7...
Connected to 193.147.109.7.
Downloading files...
Process completed. Total time: 0:00:06.470952
6 successful downloads. 0 failed downloads.

==============================================================

stations: PPMA PSAB
channels: HHE HHN HHZ
[mié 03 sep 2025 15:45:03 CEST] Dowloading files...
Connecting to 193.147.109.7...
Connected to 193.147.109.7.
Downloading files...
Process completed. Total time: 0:00:06.504150
6 successful downloads. 0 failed downloads.

==============================================================

stations: PPMA PSAB
channels: HHE HHN HHZ
[mié 03 sep 2025 15:50:03 CEST] Dowloading files...
Connecting to 193.147.109.7...
Connected to 193.147.109.7.
Downloading files...
Process completed. Total time: 0:00:06.439207
6 successful downloads. 0 failed downloads.

==============================================================

stations: PPMA PSAB
channels: HHE HHN HHZ
[mié 03 sep 2025 15:55:03 CEST] Dowloading files...
Connecting to 193.147.109.7...
Connected to 193.147.109.7.
Downloading files...
Process completed. Total time: 0:00:06.430775
6 successful downloads. 0 failed downloads.

==============================================================

stations: PPMA PSAB
channels: HHE HHN HHZ
[mié 03 sep 2025 16:00:03 CEST] Dowloading files...
Connecting to 193.147.109.7...
Connected to 193.147.109.7.
Downloading files...
Process completed. Total time: 0:00:06.416844
6 successful downloads. 0 failed downloads.

==============================================================

stations: PPMA PSAB
channels: HHE HHN HHZ
[mié 03 sep 2025 16:05:03 CEST] Dowloading files...
Connecting to 193.147.109.7...
Connected to 193.147.109.7.
Downloading files...
Process completed. Total time: 0:00:06.681385
6 successful downloads. 0 failed downloads.

==============================================================

stations: PPMA PSAB
channels: HHE HHN HHZ
[mié 03 sep 2025 16:10:03 CEST] Dowloading files...
Connecting to 193.147.109.7...
Connected to 193.147.109.7.
Downloading files...
Process completed. Total time: 0:00:06.444699
6 successful downloads. 0 failed downloads.

==============================================================

stations: PPMA PSAB
channels: HHE HHN HHZ
[mié 03 sep 2025 16:15:03 CEST] Dowloading files...
Connecting to 193.147.109.7...
Connected to 193.147.109.7.
Downloading files...
Process completed. Total time: 0:00:06.492926
6 successful downloads. 0 failed downloads.

==============================================================

stations: PPMA PSAB
channels: HHE HHN HHZ
[mié 03 sep 2025 16:20:04 CEST] Dowloading files...
Connecting to 193.147.109.7...
Connected to 193.147.109.7.
Downloading files...
Process completed. Total time: 0:00:06.505518
6 successful downloads. 0 failed downloads.

==============================================================

stations: PPMA PSAB
channels: HHE HHN HHZ
[mié 03 sep 2025 16:25:03 CEST] Dowloading files...
Connecting to 193.147.109.7...
Connected to 193.147.109.7.
Downloading files...
Process completed. Total time: 0:00:06.427825
6 successful downloads. 0 failed downloads.

==============================================================

stations: PPMA PSAB
channels: HHE HHN HHZ
[mié 03 sep 2025 16:30:03 CEST] Dowloading files...
Connecting to 193.147.109.7...
Connected to 193.147.109.7.
Downloading files...
Process completed. Total time: 0:00:06.467232
6 successful downloads. 0 failed downloads.

==============================================================

stations: PPMA PSAB
channels: HHE HHN HHZ
[mié 03 sep 2025 16:35:03 CEST] Dowloading files...
Connecting to 193.147.109.7...
Connected to 193.147.109.7.
Downloading files...
Process completed. Total time: 0:00:06.538147
6 successful downloads. 0 failed downloads.

==============================================================

stations: PPMA PSAB
channels: HHE HHN HHZ
[jue 04 sep 2025 10:05:04 CEST] Dowloading files...
Connecting to 193.147.109.7...
Connected to 193.147.109.7.
Downloading files...
Process completed. Total time: 0:00:05.232284
6 successful downloads. 0 failed downloads.

==============================================================

stations: PPMA PSAB
channels: HHE HHN HHZ
[jue 04 sep 2025 10:10:03 CEST] Dowloading files...
Connecting to 193.147.109.7...
Connected to 193.147.109.7.
Downloading files...
Process completed. Total time: 0:00:05.077140
6 successful downloads. 0 failed downloads.

==============================================================

stations: PPMA PSAB
channels: HHE HHN HHZ
[jue 04 sep 2025 10:15:04 CEST] Dowloading files...
Connecting to 193.147.109.7...
Connected to 193.147.109.7.
Downloading files...
Process completed. Total time: 0:00:05.157670
6 successful downloads. 0 failed downloads.

==============================================================

stations: PPMA PSAB
channels: HHE HHN HHZ
[jue 04 sep 2025 10:20:04 CEST] Dowloading files...
Connecting to 193.147.109.7...
Connected to 193.147.109.7.
Downloading files...
Process completed. Total time: 0:00:05.164107
6 successful downloads. 0 failed downloads.

==============================================================

stations: PPMA PSAB
channels: HHE HHN HHZ
[jue 04 sep 2025 10:25:03 CEST] Dowloading files...
Connecting to 193.147.109.7...
Connected to 193.147.109.7.
Downloading files...
Process completed. Total time: 0:00:05.295380
6 successful downloads. 0 failed downloads.

==============================================================

stations: PPMA PSAB
channels: HHE HHN HHZ
[jue 04 sep 2025 10:30:04 CEST] Dowloading files...
Connecting to 193.147.109.7...
Connected to 193.147.109.7.
Downloading files...
Process completed. Total time: 0:00:05.155594
6 successful downloads. 0 failed downloads.

==============================================================

stations: PPMA PSAB
channels: HHE HHN HHZ
[jue 04 sep 2025 10:35:03 CEST] Dowloading files...
Connecting to 193.147.109.7...
Connected to 193.147.109.7.
Downloading files...
Process completed. Total time: 0:00:05.177164
6 successful downloads. 0 failed downloads.

==============================================================

stations: PPMA PSAB
channels: HHE HHN HHZ
[jue 04 sep 2025 10:40:03 CEST] Dowloading files...
Connecting to 193.147.109.7...
Connected to 193.147.109.7.
Downloading files...
Process completed. Total time: 0:00:05.163195
6 successful downloads. 0 failed downloads.

==============================================================

stations: PPMA PSAB
channels: HHE HHN HHZ
[jue 04 sep 2025 10:45:03 CEST] Dowloading files...
Connecting to 193.147.109.7...
Connected to 193.147.109.7.
Downloading files...
Process completed. Total time: 0:00:05.195886
6 successful downloads. 0 failed downloads.

==============================================================

stations: PPMA PSAB
channels: HHE HHN HHZ
[jue 04 sep 2025 10:50:04 CEST] Dowloading files...
Connecting to 193.147.109.7...
Connected to 193.147.109.7.
Downloading files...
Process completed. Total time: 0:00:05.357370
6 successful downloads. 0 failed downloads.

==============================================================

stations: PPMA PSAB
channels: HHE HHN HHZ
[jue 04 sep 2025 10:55:03 CEST] Dowloading files...
Connecting to 193.147.109.7...
Connected to 193.147.109.7.
Downloading files...
Process completed. Total time: 0:00:05.168646
6 successful downloads. 0 failed downloads.

==============================================================

stations: PPMA PSAB
channels: HHE HHN HHZ
[jue 04 sep 2025 11:00:03 CEST] Dowloading files...
Connecting to 193.147.109.7...
Connected to 193.147.109.7.
Downloading files...
Process completed. Total time: 0:00:05.194417
6 successful downloads. 0 failed downloads.

==============================================================

stations: PPMA PSAB
channels: HHE HHN HHZ
[jue 04 sep 2025 11:05:04 CEST] Dowloading files...
Connecting to 193.147.109.7...
Connected to 193.147.109.7.
Downloading files...
Process completed. Total time: 0:00:05.297211
6 successful downloads. 0 failed downloads.

==============================================================

stations: PPMA PSAB
channels: HHE HHN HHZ
[jue 04 sep 2025 11:10:03 CEST] Dowloading files...
Connecting to 193.147.109.7...
Connected to 193.147.109.7.
Downloading files...
Process completed. Total time: 0:00:05.433891
6 successful downloads. 0 failed downloads.

==============================================================

stations: PPMA PSAB
channels: HHE HHN HHZ
[jue 04 sep 2025 11:15:03 CEST] Dowloading files...
Connecting to 193.147.109.7...
Connected to 193.147.109.7.
Downloading files...
Process completed. Total time: 0:00:05.593362
6 successful downloads. 0 failed downloads.

==============================================================

stations: PPMA PSAB
channels: HHE HHN HHZ
[jue 04 sep 2025 11:20:04 CEST] Dowloading files...
Connecting to 193.147.109.7...
Connected to 193.147.109.7.
Downloading files...
Process completed. Total time: 0:00:05.451030
6 successful downloads. 0 failed downloads.

==============================================================

stations: PPMA PSAB
channels: HHE HHN HHZ
[jue 04 sep 2025 11:25:03 CEST] Dowloading files...
Connecting to 193.147.109.7...
Connected to 193.147.109.7.
Downloading files...
Process completed. Total time: 0:00:05.477755
6 successful downloads. 0 failed downloads.

==============================================================

stations: PPMA PSAB
channels: HHE HHN HHZ
[jue 04 sep 2025 11:30:03 CEST] Dowloading files...
Connecting to 193.147.109.7...
Connected to 193.147.109.7.
Downloading files...
Process completed. Total time: 0:00:05.596378
6 successful downloads. 0 failed downloads.

==============================================================

stations: PPMA PSAB
channels: HHE HHN HHZ
[jue 04 sep 2025 11:35:04 CEST] Dowloading files...
Connecting to 193.147.109.7...
Connected to 193.147.109.7.
Downloading files...
Process completed. Total time: 0:00:05.549966
6 successful downloads. 0 failed downloads.

==============================================================

stations: PPMA PSAB
channels: HHE HHN HHZ
[jue 04 sep 2025 11:40:03 CEST] Dowloading files...
Connecting to 193.147.109.7...
Connected to 193.147.109.7.
Downloading files...
Process completed. Total time: 0:00:05.551836
6 successful downloads. 0 failed downloads.

==============================================================

stations: PPMA PSAB
channels: HHE HHN HHZ
[jue 04 sep 2025 11:45:03 CEST] Dowloading files...
Connecting to 193.147.109.7...
Connected to 193.147.109.7.
Downloading files...
Process completed. Total time: 0:00:08.210296
6 successful downloads. 0 failed downloads.

==============================================================

stations: PPMA PSAB
channels: HHE HHN HHZ
[jue 04 sep 2025 11:50:04 CEST] Dowloading files...
Connecting to 193.147.109.7...
Connected to 193.147.109.7.
Downloading files...
Process completed. Total time: 0:00:05.789583
6 successful downloads. 0 failed downloads.

==============================================================

stations: PPMA PSAB
channels: HHE HHN HHZ
[jue 04 sep 2025 11:55:04 CEST] Dowloading files...
Connecting to 193.147.109.7...
Connected to 193.147.109.7.
Downloading files...
Process completed. Total time: 0:00:05.499421
6 successful downloads. 0 failed downloads.

==============================================================

stations: PPMA PSAB
channels: HHE HHN HHZ
[jue 04 sep 2025 12:00:04 CEST] Dowloading files...
Connecting to 193.147.109.7...
Connected to 193.147.109.7.
Downloading files...
Process completed. Total time: 0:00:05.715504
6 successful downloads. 0 failed downloads.

==============================================================

stations: PPMA PSAB
channels: HHE HHN HHZ
[jue 04 sep 2025 12:05:03 CEST] Dowloading files...
Connecting to 193.147.109.7...
Connected to 193.147.109.7.
Downloading files...
Process completed. Total time: 0:00:05.568762
6 successful downloads. 0 failed downloads.

==============================================================

stations: PPMA PSAB
channels: HHE HHN HHZ
[jue 04 sep 2025 12:10:03 CEST] Dowloading files...
Connecting to 193.147.109.7...
Connected to 193.147.109.7.
Downloading files...
Process completed. Total time: 0:00:05.428826
6 successful downloads. 0 failed downloads.

==============================================================

stations: PPMA PSAB
channels: HHE HHN HHZ
[jue 04 sep 2025 12:15:03 CEST] Dowloading files...
Connecting to 193.147.109.7...
Connected to 193.147.109.7.
Downloading files...
Process completed. Total time: 0:00:05.586091
6 successful downloads. 0 failed downloads.

==============================================================

stations: PPMA PSAB
channels: HHE HHN HHZ
[jue 04 sep 2025 12:20:04 CEST] Dowloading files...
Connecting to 193.147.109.7...
Connected to 193.147.109.7.
Downloading files...
Process completed. Total time: 0:00:05.580855
6 successful downloads. 0 failed downloads.

==============================================================

stations: PPMA PSAB
channels: HHE HHN HHZ
[jue 04 sep 2025 12:25:03 CEST] Dowloading files...
Connecting to 193.147.109.7...
Connected to 193.147.109.7.
Downloading files...
Process completed. Total time: 0:00:05.628428
6 successful downloads. 0 failed downloads.

==============================================================

stations: PPMA PSAB
channels: HHE HHN HHZ
[jue 04 sep 2025 12:30:03 CEST] Dowloading files...
Connecting to 193.147.109.7...
Connected to 193.147.109.7.
Downloading files...
Process completed. Total time: 0:00:05.611135
6 successful downloads. 0 failed downloads.

==============================================================

stations: PPMA PSAB
channels: HHE HHN HHZ
[jue 04 sep 2025 12:35:03 CEST] Dowloading files...
Connecting to 193.147.109.7...
Connected to 193.147.109.7.
Downloading files...
Process completed. Total time: 0:00:05.798047
6 successful downloads. 0 failed downloads.

==============================================================

stations: PPMA PSAB
channels: HHE HHN HHZ
[jue 04 sep 2025 12:40:04 CEST] Dowloading files...
Connecting to 193.147.109.7...
Connected to 193.147.109.7.
Downloading files...
Process completed. Total time: 0:00:05.702337
6 successful downloads. 0 failed downloads.

==============================================================

stations: PPMA PSAB
channels: HHE HHN HHZ
[jue 04 sep 2025 12:45:04 CEST] Dowloading files...
Connecting to 193.147.109.7...
Connected to 193.147.109.7.
Downloading files...
Process completed. Total time: 0:00:05.784589
6 successful downloads. 0 failed downloads.

==============================================================

stations: PPMA PSAB
channels: HHE HHN HHZ
[jue 04 sep 2025 12:50:04 CEST] Dowloading files...
Connecting to 193.147.109.7...
Connected to 193.147.109.7.
Downloading files...
Process completed. Total time: 0:00:05.587110
6 successful downloads. 0 failed downloads.

==============================================================

stations: PPMA PSAB
channels: HHE HHN HHZ
[jue 04 sep 2025 12:55:04 CEST] Dowloading files...
Connecting to 193.147.109.7...
Connected to 193.147.109.7.
Downloading files...
Process completed. Total time: 0:00:05.748883
6 successful downloads. 0 failed downloads.

==============================================================

stations: PPMA PSAB
channels: HHE HHN HHZ
[jue 04 sep 2025 13:00:04 CEST] Dowloading files...
Connecting to 193.147.109.7...
Connected to 193.147.109.7.
Downloading files...
Process completed. Total time: 0:00:06.173556
6 successful downloads. 0 failed downloads.

==============================================================

stations: PPMA PSAB
channels: HHE HHN HHZ
[jue 04 sep 2025 13:05:03 CEST] Dowloading files...
Connecting to 193.147.109.7...
Connected to 193.147.109.7.
Downloading files...
Process completed. Total time: 0:00:05.749247
6 successful downloads. 0 failed downloads.

==============================================================

stations: PPMA PSAB
channels: HHE HHN HHZ
[jue 04 sep 2025 13:10:03 CEST] Dowloading files...
Connecting to 193.147.109.7...
Connected to 193.147.109.7.
Downloading files...
Process completed. Total time: 0:00:05.824238
6 successful downloads. 0 failed downloads.

==============================================================

stations: PPMA PSAB
channels: HHE HHN HHZ
[jue 04 sep 2025 13:15:03 CEST] Dowloading files...
Connecting to 193.147.109.7...
Connected to 193.147.109.7.
Downloading files...
Process completed. Total time: 0:00:05.820410
6 successful downloads. 0 failed downloads.

==============================================================

stations: PPMA PSAB
channels: HHE HHN HHZ
[jue 04 sep 2025 13:20:03 CEST] Dowloading files...
Connecting to 193.147.109.7...
Connected to 193.147.109.7.
Downloading files...
Process completed. Total time: 0:00:05.965456
6 successful downloads. 0 failed downloads.

==============================================================

stations: PPMA PSAB
channels: HHE HHN HHZ
[jue 04 sep 2025 13:25:03 CEST] Dowloading files...
Connecting to 193.147.109.7...
Connected to 193.147.109.7.
Downloading files...
Process completed. Total time: 0:00:05.894272
6 successful downloads. 0 failed downloads.

==============================================================

stations: PPMA PSAB
channels: HHE HHN HHZ
[jue 04 sep 2025 13:30:03 CEST] Dowloading files...
Connecting to 193.147.109.7...
Connected to 193.147.109.7.
Downloading files...
Process completed. Total time: 0:00:06.442098
6 successful downloads. 0 failed downloads.

==============================================================

stations: PPMA PSAB
channels: HHE HHN HHZ
[jue 04 sep 2025 13:35:03 CEST] Dowloading files...
Connecting to 193.147.109.7...
Connected to 193.147.109.7.
Downloading files...
Process completed. Total time: 0:00:05.931665
6 successful downloads. 0 failed downloads.

==============================================================

stations: PPMA PSAB
channels: HHE HHN HHZ
[jue 04 sep 2025 13:40:03 CEST] Dowloading files...
Connecting to 193.147.109.7...
Connected to 193.147.109.7.
Downloading files...
Process completed. Total time: 0:00:15.583461
6 successful downloads. 0 failed downloads.

==============================================================

stations: PPMA PSAB
channels: HHE HHN HHZ
[jue 04 sep 2025 13:45:03 CEST] Dowloading files...
Connecting to 193.147.109.7...
Connected to 193.147.109.7.
Downloading files...
Process completed. Total time: 0:00:06.174285
6 successful downloads. 0 failed downloads.

==============================================================

stations: PPMA PSAB
channels: HHE HHN HHZ
[jue 04 sep 2025 13:50:04 CEST] Dowloading files...
Connecting to 193.147.109.7...
Connected to 193.147.109.7.
Downloading files...
Process completed. Total time: 0:00:06.294493
6 successful downloads. 0 failed downloads.

==============================================================

stations: PPMA PSAB
channels: HHE HHN HHZ
[jue 04 sep 2025 13:55:04 CEST] Dowloading files...
Connecting to 193.147.109.7...
Connected to 193.147.109.7.
Downloading files...
Process completed. Total time: 0:00:06.121955
6 successful downloads. 0 failed downloads.

==============================================================

stations: PPMA PSAB
channels: HHE HHN HHZ
[jue 04 sep 2025 14:00:03 CEST] Dowloading files...
Connecting to 193.147.109.7...
Connected to 193.147.109.7.
Downloading files...
Process completed. Total time: 0:00:06.391309
6 successful downloads. 0 failed downloads.

==============================================================

stations: PPMA PSAB
channels: HHE HHN HHZ
[jue 04 sep 2025 14:05:03 CEST] Dowloading files...
Connecting to 193.147.109.7...
Connected to 193.147.109.7.
Downloading files...
Process completed. Total time: 0:00:06.206682
6 successful downloads. 0 failed downloads.

==============================================================

stations: PPMA PSAB
channels: HHE HHN HHZ
[jue 04 sep 2025 14:10:03 CEST] Dowloading files...
Connecting to 193.147.109.7...
Connected to 193.147.109.7.
Downloading files...
Process completed. Total time: 0:00:06.083019
6 successful downloads. 0 failed downloads.

==============================================================

stations: PPMA PSAB
channels: HHE HHN HHZ
[jue 04 sep 2025 14:15:03 CEST] Dowloading files...
Connecting to 193.147.109.7...
Connected to 193.147.109.7.
Downloading files...
Process completed. Total time: 0:00:06.023566
6 successful downloads. 0 failed downloads.

==============================================================

stations: PPMA PSAB
channels: HHE HHN HHZ
[jue 04 sep 2025 14:20:04 CEST] Dowloading files...
Connecting to 193.147.109.7...
Connected to 193.147.109.7.
Downloading files...
Process completed. Total time: 0:00:06.021018
6 successful downloads. 0 failed downloads.

==============================================================

stations: PPMA PSAB
channels: HHE HHN HHZ
[jue 04 sep 2025 14:25:04 CEST] Dowloading files...
Connecting to 193.147.109.7...
Connected to 193.147.109.7.
Downloading files...
Process completed. Total time: 0:00:06.132392
6 successful downloads. 0 failed downloads.

==============================================================

stations: PPMA PSAB
channels: HHE HHN HHZ
[jue 04 sep 2025 14:30:03 CEST] Dowloading files...
Connecting to 193.147.109.7...
Connected to 193.147.109.7.
Downloading files...
Process completed. Total time: 0:00:06.124649
6 successful downloads. 0 failed downloads.

==============================================================

stations: PPMA PSAB
channels: HHE HHN HHZ
[jue 04 sep 2025 14:35:03 CEST] Dowloading files...
Connecting to 193.147.109.7...
Connected to 193.147.109.7.
Downloading files...
Process completed. Total time: 0:00:06.197600
6 successful downloads. 0 failed downloads.

==============================================================

stations: PPMA PSAB
channels: HHE HHN HHZ
[jue 04 sep 2025 14:40:04 CEST] Dowloading files...
Connecting to 193.147.109.7...
Connected to 193.147.109.7.
Downloading files...
Process completed. Total time: 0:00:06.341627
6 successful downloads. 0 failed downloads.

==============================================================

stations: PPMA PSAB
channels: HHE HHN HHZ
[jue 04 sep 2025 14:45:03 CEST] Dowloading files...
Connecting to 193.147.109.7...
Connected to 193.147.109.7.
Downloading files...
Process completed. Total time: 0:00:06.101127
6 successful downloads. 0 failed downloads.

==============================================================

stations: PPMA PSAB
channels: HHE HHN HHZ
[jue 04 sep 2025 14:50:03 CEST] Dowloading files...
Connecting to 193.147.109.7...
Connected to 193.147.109.7.
Downloading files...
Process completed. Total time: 0:00:06.185296
6 successful downloads. 0 failed downloads.

==============================================================

stations: PPMA PSAB
channels: HHE HHN HHZ
[jue 04 sep 2025 14:55:03 CEST] Dowloading files...
Connecting to 193.147.109.7...
Connected to 193.147.109.7.
Downloading files...
Process completed. Total time: 0:00:06.300294
6 successful downloads. 0 failed downloads.

==============================================================

stations: PPMA PSAB
channels: HHE HHN HHZ
[jue 04 sep 2025 15:00:03 CEST] Dowloading files...
Connecting to 193.147.109.7...
Connected to 193.147.109.7.
Downloading files...
Process completed. Total time: 0:00:06.333632
6 successful downloads. 0 failed downloads.

==============================================================

stations: PPMA PSAB
channels: HHE HHN HHZ
[jue 04 sep 2025 15:05:03 CEST] Dowloading files...
Connecting to 193.147.109.7...
Connected to 193.147.109.7.
Downloading files...
Process completed. Total time: 0:00:06.232923
6 successful downloads. 0 failed downloads.

==============================================================

stations: PPMA PSAB
channels: HHE HHN HHZ
[jue 04 sep 2025 15:10:03 CEST] Dowloading files...
Connecting to 193.147.109.7...
Connected to 193.147.109.7.
Downloading files...
Process completed. Total time: 0:00:06.221349
6 successful downloads. 0 failed downloads.

==============================================================

stations: PPMA PSAB
channels: HHE HHN HHZ
[jue 04 sep 2025 15:15:03 CEST] Dowloading files...
Connecting to 193.147.109.7...
Connected to 193.147.109.7.
Downloading files...
Process completed. Total time: 0:00:06.359700
6 successful downloads. 0 failed downloads.

==============================================================

stations: PPMA PSAB
channels: HHE HHN HHZ
[jue 04 sep 2025 15:20:03 CEST] Dowloading files...
Connecting to 193.147.109.7...
Connected to 193.147.109.7.
Downloading files...
Process completed. Total time: 0:00:06.198225
6 successful downloads. 0 failed downloads.

==============================================================

stations: PPMA PSAB
channels: HHE HHN HHZ
[jue 04 sep 2025 15:25:03 CEST] Dowloading files...
Connecting to 193.147.109.7...
Connected to 193.147.109.7.
Downloading files...
Process completed. Total time: 0:00:06.285773
6 successful downloads. 0 failed downloads.

==============================================================

stations: PPMA PSAB
channels: HHE HHN HHZ
[jue 04 sep 2025 15:30:03 CEST] Dowloading files...
Connecting to 193.147.109.7...
Connected to 193.147.109.7.
Downloading files...
Process completed. Total time: 0:00:06.462687
6 successful downloads. 0 failed downloads.

==============================================================

stations: PPMA PSAB
channels: HHE HHN HHZ
[jue 04 sep 2025 15:35:03 CEST] Dowloading files...
Connecting to 193.147.109.7...
Connected to 193.147.109.7.
Downloading files...
Process completed. Total time: 0:00:06.437331
6 successful downloads. 0 failed downloads.

==============================================================

stations: PPMA PSAB
channels: HHE HHN HHZ
[jue 04 sep 2025 15:40:04 CEST] Dowloading files...
Connecting to 193.147.109.7...
Connected to 193.147.109.7.
Downloading files...
Process completed. Total time: 0:00:06.586498
6 successful downloads. 0 failed downloads.

==============================================================

stations: PPMA PSAB
channels: HHE HHN HHZ
[jue 04 sep 2025 15:45:03 CEST] Dowloading files...
Connecting to 193.147.109.7...
Connected to 193.147.109.7.
Downloading files...
Process completed. Total time: 0:00:06.467110
6 successful downloads. 0 failed downloads.

==============================================================

stations: PPMA PSAB
channels: HHE HHN HHZ
[jue 04 sep 2025 15:50:03 CEST] Dowloading files...
Connecting to 193.147.109.7...
Connected to 193.147.109.7.
Downloading files...
Process completed. Total time: 0:00:06.482007
6 successful downloads. 0 failed downloads.

==============================================================

stations: PPMA PSAB
channels: HHE HHN HHZ
[jue 04 sep 2025 15:55:03 CEST] Dowloading files...
Connecting to 193.147.109.7...
Connected to 193.147.109.7.
Downloading files...
Process completed. Total time: 0:00:06.441327
6 successful downloads. 0 failed downloads.

==============================================================

stations: PPMA PSAB
channels: HHE HHN HHZ
[jue 04 sep 2025 16:00:03 CEST] Dowloading files...
Connecting to 193.147.109.7...
Connected to 193.147.109.7.
Downloading files...
Process completed. Total time: 0:00:06.494239
6 successful downloads. 0 failed downloads.

==============================================================

stations: PPMA PSAB
channels: HHE HHN HHZ
[jue 04 sep 2025 16:05:03 CEST] Dowloading files...
Connecting to 193.147.109.7...
Connected to 193.147.109.7.
Downloading files...
Process completed. Total time: 0:00:06.498629
6 successful downloads. 0 failed downloads.

==============================================================

stations: PPMA PSAB
channels: HHE HHN HHZ
[jue 04 sep 2025 16:10:03 CEST] Dowloading files...
Connecting to 193.147.109.7...
Connected to 193.147.109.7.
Downloading files...
Process completed. Total time: 0:00:06.608459
6 successful downloads. 0 failed downloads.

==============================================================

stations: PPMA PSAB
channels: HHE HHN HHZ
[jue 04 sep 2025 16:15:03 CEST] Dowloading files...
Connecting to 193.147.109.7...
Connected to 193.147.109.7.
Downloading files...
Process completed. Total time: 0:00:06.531107
6 successful downloads. 0 failed downloads.

==============================================================

stations: PPMA PSAB
channels: HHE HHN HHZ
[jue 04 sep 2025 16:20:03 CEST] Dowloading files...
Connecting to 193.147.109.7...
Connected to 193.147.109.7.
Downloading files...
Process completed. Total time: 0:00:06.478521
6 successful downloads. 0 failed downloads.

==============================================================

stations: PPMA PSAB
channels: HHE HHN HHZ
[jue 04 sep 2025 16:25:04 CEST] Dowloading files...

ERROR: Download failed. See /home/gsus/Documentos/GitHub/DigiVolCan/monitoring/logs/pull_error.log.

==============================================================

stations: PPMA PSAB
channels: HHE HHN HHZ
[jue 04 sep 2025 16:30:03 CEST] Dowloading files...
Connecting to 193.147.109.7...
Connected to 193.147.109.7.
Downloading files...
Process completed. Total time: 0:00:06.618865
6 successful downloads. 0 failed downloads.

==============================================================

stations: PPMA PSAB
channels: HHE HHN HHZ
[jue 04 sep 2025 16:35:03 CEST] Dowloading files...
Connecting to 193.147.109.7...
Connected to 193.147.109.7.
Downloading files...
Process completed. Total time: 0:00:06.601737
6 successful downloads. 0 failed downloads.

==============================================================

stations: PPMA PSAB
channels: HHE HHN HHZ
[jue 04 sep 2025 16:40:04 CEST] Dowloading files...
Connecting to 193.147.109.7...
Connected to 193.147.109.7.
Downloading files...
Process completed. Total time: 0:00:06.549133
6 successful downloads. 0 failed downloads.

==============================================================

stations: PPMA PSAB
channels: HHE HHN HHZ
[vie 05 sep 2025 08:35:03 CEST] Dowloading files...
Connecting to 193.147.109.7...
Connected to 193.147.109.7.
Downloading files...
Process completed. Total time: 0:00:04.992520
6 successful downloads. 0 failed downloads.

==============================================================

stations: PPMA PSAB
channels: HHE HHN HHZ
[vie 05 sep 2025 08:40:03 CEST] Dowloading files...
Connecting to 193.147.109.7...
Connected to 193.147.109.7.
Downloading files...
Process completed. Total time: 0:00:04.649069
6 successful downloads. 0 failed downloads.

==============================================================

stations: PPMA PSAB
channels: HHE HHN HHZ
[vie 05 sep 2025 08:45:04 CEST] Dowloading files...
Connecting to 193.147.109.7...
Connected to 193.147.109.7.
Downloading files...
Process completed. Total time: 0:00:04.997474
6 successful downloads. 0 failed downloads.

==============================================================

stations: PPMA PSAB
channels: HHE HHN HHZ
[vie 05 sep 2025 08:50:03 CEST] Dowloading files...
Connecting to 193.147.109.7...
Connected to 193.147.109.7.
Downloading files...
Process completed. Total time: 0:00:04.711886
6 successful downloads. 0 failed downloads.

==============================================================

stations: PPMA PSAB
channels: HHE HHN HHZ
[vie 05 sep 2025 08:55:03 CEST] Dowloading files...
Connecting to 193.147.109.7...
Connected to 193.147.109.7.
Downloading files...
Process completed. Total time: 0:00:04.626757
6 successful downloads. 0 failed downloads.

==============================================================

stations: PPMA PSAB
channels: HHE HHN HHZ
[vie 05 sep 2025 09:00:04 CEST] Dowloading files...
Connecting to 193.147.109.7...
Connected to 193.147.109.7.
Downloading files...
Process completed. Total time: 0:00:04.902199
6 successful downloads. 0 failed downloads.

==============================================================

stations: PPMA PSAB
channels: HHE HHN HHZ
[vie 05 sep 2025 09:05:04 CEST] Dowloading files...
Connecting to 193.147.109.7...
Connected to 193.147.109.7.
Downloading files...
Process completed. Total time: 0:00:12.162394
6 successful downloads. 0 failed downloads.

==============================================================

stations: PPMA PSAB
channels: HHE HHN HHZ
[vie 05 sep 2025 09:10:03 CEST] Dowloading files...
Connecting to 193.147.109.7...
Connected to 193.147.109.7.
Downloading files...
Process completed. Total time: 0:00:04.858200
6 successful downloads. 0 failed downloads.

==============================================================

stations: PPMA PSAB
channels: HHE HHN HHZ
[vie 05 sep 2025 09:15:03 CEST] Dowloading files...
Connecting to 193.147.109.7...
Connected to 193.147.109.7.
Downloading files...
Process completed. Total time: 0:00:04.881745
6 successful downloads. 0 failed downloads.

==============================================================

stations: PPMA PSAB
channels: HHE HHN HHZ
[vie 05 sep 2025 09:20:04 CEST] Dowloading files...
Connecting to 193.147.109.7...
Connected to 193.147.109.7.
Downloading files...
Process completed. Total time: 0:00:04.990347
6 successful downloads. 0 failed downloads.

==============================================================

stations: PA00 PA01 PA02 PA03 PA04 PA05 PA06 PA07 PA08 PA09 PBBA PCOR PGAR PLPI PMLU PPMA PTAB
channels: HHE HHN HHZ
[vie 05 sep 2025 09:25:04 CEST] Dowloading files...
Connecting to 193.147.109.7...
Connected to 193.147.109.7.
Downloading files...
Error downloading /involcan/mseed/2025/C7/PA00/HHE.D/C7.PA00..HHE.D.2025.248: [Errno 2] No such file
Error downloading /involcan/mseed/2025/C7/PA00/HHN.D/C7.PA00..HHN.D.2025.248: [Errno 2] No such file
Error downloading /involcan/mseed/2025/C7/PA00/HHZ.D/C7.PA00..HHZ.D.2025.248: [Errno 2] No such file
Error downloading /involcan/mseed/2025/C7/PA01/HHE.D/C7.PA01..HHE.D.2025.248: [Errno 2] No such file
Error downloading /involcan/mseed/2025/C7/PA01/HHN.D/C7.PA01..HHN.D.2025.248: [Errno 2] No such file
Error downloading /involcan/mseed/2025/C7/PA01/HHZ.D/C7.PA01..HHZ.D.2025.248: [Errno 2] No such file
Error downloading /involcan/mseed/2025/C7/PA02/HHE.D/C7.PA02..HHE.D.2025.248: [Errno 2] No such file
Error downloading /involcan/mseed/2025/C7/PA02/HHN.D/C7.PA02..HHN.D.2025.248: [Errno 2] No such file
Error downloading /involcan/mseed/2025/C7/PA02/HHZ.D/C7.PA02..HHZ.D.2025.248: [Errno 2] No such file
Error downloading /involcan/mseed/2025/C7/PA03/HHE.D/C7.PA03..HHE.D.2025.248: [Errno 2] No such file
Error downloading /involcan/mseed/2025/C7/PA03/HHN.D/C7.PA03..HHN.D.2025.248: [Errno 2] No such file
Error downloading /involcan/mseed/2025/C7/PA03/HHZ.D/C7.PA03..HHZ.D.2025.248: [Errno 2] No such file
Error downloading /involcan/mseed/2025/C7/PA04/HHE.D/C7.PA04..HHE.D.2025.248: [Errno 2] No such file
Error downloading /involcan/mseed/2025/C7/PA04/HHN.D/C7.PA04..HHN.D.2025.248: [Errno 2] No such file
Error downloading /involcan/mseed/2025/C7/PA04/HHZ.D/C7.PA04..HHZ.D.2025.248: [Errno 2] No such file
Error downloading /involcan/mseed/2025/C7/PA05/HHE.D/C7.PA05..HHE.D.2025.248: [Errno 2] No such file
Error downloading /involcan/mseed/2025/C7/PA05/HHN.D/C7.PA05..HHN.D.2025.248: [Errno 2] No such file
Error downloading /involcan/mseed/2025/C7/PA05/HHZ.D/C7.PA05..HHZ.D.2025.248: [Errno 2] No such file
Error downloading /involcan/mseed/2025/C7/PA06/HHE.D/C7.PA06..HHE.D.2025.248: [Errno 2] No such file
Error downloading /involcan/mseed/2025/C7/PA06/HHN.D/C7.PA06..HHN.D.2025.248: [Errno 2] No such file
Error downloading /involcan/mseed/2025/C7/PA06/HHZ.D/C7.PA06..HHZ.D.2025.248: [Errno 2] No such file
Error downloading /involcan/mseed/2025/C7/PA07/HHE.D/C7.PA07..HHE.D.2025.248: [Errno 2] No such file
Error downloading /involcan/mseed/2025/C7/PA07/HHN.D/C7.PA07..HHN.D.2025.248: [Errno 2] No such file
Error downloading /involcan/mseed/2025/C7/PA07/HHZ.D/C7.PA07..HHZ.D.2025.248: [Errno 2] No such file
Error downloading /involcan/mseed/2025/C7/PA08/HHE.D/C7.PA08..HHE.D.2025.248: [Errno 2] No such file
Error downloading /involcan/mseed/2025/C7/PA08/HHN.D/C7.PA08..HHN.D.2025.248: [Errno 2] No such file
Error downloading /involcan/mseed/2025/C7/PA08/HHZ.D/C7.PA08..HHZ.D.2025.248: [Errno 2] No such file
Error downloading /involcan/mseed/2025/C7/PA09/HHE.D/C7.PA09..HHE.D.2025.248: [Errno 2] No such file
Error downloading /involcan/mseed/2025/C7/PA09/HHN.D/C7.PA09..HHN.D.2025.248: [Errno 2] No such file
Error downloading /involcan/mseed/2025/C7/PA09/HHZ.D/C7.PA09..HHZ.D.2025.248: [Errno 2] No such file
Error downloading /involcan/mseed/2025/C7/PBBA/HHE.D/C7.PBBA..HHE.D.2025.248: [Errno 2] No such file
Error downloading /involcan/mseed/2025/C7/PBBA/HHN.D/C7.PBBA..HHN.D.2025.248: [Errno 2] No such file
Error downloading /involcan/mseed/2025/C7/PBBA/HHZ.D/C7.PBBA..HHZ.D.2025.248: [Errno 2] No such file
Error downloading /involcan/mseed/2025/C7/PCOR/HHE.D/C7.PCOR..HHE.D.2025.248: [Errno 2] No such file
Error downloading /involcan/mseed/2025/C7/PCOR/HHN.D/C7.PCOR..HHN.D.2025.248: [Errno 2] No such file
Error downloading /involcan/mseed/2025/C7/PCOR/HHZ.D/C7.PCOR..HHZ.D.2025.248: [Errno 2] No such file
Error downloading /involcan/mseed/2025/C7/PLPI/HHE.D/C7.PLPI..HHE.D.2025.248: [Errno 2] No such file
Error downloading /involcan/mseed/2025/C7/PLPI/HHN.D/C7.PLPI..HHN.D.2025.248: [Errno 2] No such file
Error downloading /involcan/mseed/2025/C7/PLPI/HHZ.D/C7.PLPI..HHZ.D.2025.248: [Errno 2] No such file
Error downloading /involcan/mseed/2025/C7/PMLU/HHE.D/C7.PMLU..HHE.D.2025.248: [Errno 2] No such file
Error downloading /involcan/mseed/2025/C7/PMLU/HHN.D/C7.PMLU..HHN.D.2025.248: [Errno 2] No such file
Error downloading /involcan/mseed/2025/C7/PMLU/HHZ.D/C7.PMLU..HHZ.D.2025.248: [Errno 2] No such file
Process completed. Total time: 0:00:09.000550
9 successful downloads. 42 failed downloads.

==============================================================

stations: PA00 PA01 PA02 PA03 PA04 PA05 PA06 PA07 PA08 PA09 PBBA PCOR PGAR PLPI PMLU PPMA PTAB
channels: HHE HHN HHZ
[vie 05 sep 2025 09:30:03 CEST] Dowloading files...
Connecting to 193.147.109.7...
Connected to 193.147.109.7.
Downloading files...
Error downloading /involcan/mseed/2025/C7/PA00/HHE.D/C7.PA00..HHE.D.2025.248: [Errno 2] No such file
Error downloading /involcan/mseed/2025/C7/PA00/HHN.D/C7.PA00..HHN.D.2025.248: [Errno 2] No such file
Error downloading /involcan/mseed/2025/C7/PA00/HHZ.D/C7.PA00..HHZ.D.2025.248: [Errno 2] No such file
Error downloading /involcan/mseed/2025/C7/PA01/HHE.D/C7.PA01..HHE.D.2025.248: [Errno 2] No such file
Error downloading /involcan/mseed/2025/C7/PA01/HHN.D/C7.PA01..HHN.D.2025.248: [Errno 2] No such file
Error downloading /involcan/mseed/2025/C7/PA01/HHZ.D/C7.PA01..HHZ.D.2025.248: [Errno 2] No such file
Error downloading /involcan/mseed/2025/C7/PA02/HHE.D/C7.PA02..HHE.D.2025.248: [Errno 2] No such file
Error downloading /involcan/mseed/2025/C7/PA02/HHN.D/C7.PA02..HHN.D.2025.248: [Errno 2] No such file
Error downloading /involcan/mseed/2025/C7/PA02/HHZ.D/C7.PA02..HHZ.D.2025.248: [Errno 2] No such file
Error downloading /involcan/mseed/2025/C7/PA03/HHE.D/C7.PA03..HHE.D.2025.248: [Errno 2] No such file
Error downloading /involcan/mseed/2025/C7/PA03/HHN.D/C7.PA03..HHN.D.2025.248: [Errno 2] No such file
Error downloading /involcan/mseed/2025/C7/PA03/HHZ.D/C7.PA03..HHZ.D.2025.248: [Errno 2] No such file
Error downloading /involcan/mseed/2025/C7/PA04/HHE.D/C7.PA04..HHE.D.2025.248: [Errno 2] No such file
Error downloading /involcan/mseed/2025/C7/PA04/HHN.D/C7.PA04..HHN.D.2025.248: [Errno 2] No such file
Error downloading /involcan/mseed/2025/C7/PA04/HHZ.D/C7.PA04..HHZ.D.2025.248: [Errno 2] No such file
Error downloading /involcan/mseed/2025/C7/PA05/HHE.D/C7.PA05..HHE.D.2025.248: [Errno 2] No such file
Error downloading /involcan/mseed/2025/C7/PA05/HHN.D/C7.PA05..HHN.D.2025.248: [Errno 2] No such file
Error downloading /involcan/mseed/2025/C7/PA05/HHZ.D/C7.PA05..HHZ.D.2025.248: [Errno 2] No such file
Error downloading /involcan/mseed/2025/C7/PA06/HHE.D/C7.PA06..HHE.D.2025.248: [Errno 2] No such file
Error downloading /involcan/mseed/2025/C7/PA06/HHN.D/C7.PA06..HHN.D.2025.248: [Errno 2] No such file
Error downloading /involcan/mseed/2025/C7/PA06/HHZ.D/C7.PA06..HHZ.D.2025.248: [Errno 2] No such file
Error downloading /involcan/mseed/2025/C7/PA07/HHE.D/C7.PA07..HHE.D.2025.248: [Errno 2] No such file
Error downloading /involcan/mseed/2025/C7/PA07/HHN.D/C7.PA07..HHN.D.2025.248: [Errno 2] No such file
Error downloading /involcan/mseed/2025/C7/PA07/HHZ.D/C7.PA07..HHZ.D.2025.248: [Errno 2] No such file
Error downloading /involcan/mseed/2025/C7/PA08/HHE.D/C7.PA08..HHE.D.2025.248: [Errno 2] No such file
Error downloading /involcan/mseed/2025/C7/PA08/HHN.D/C7.PA08..HHN.D.2025.248: [Errno 2] No such file
Error downloading /involcan/mseed/2025/C7/PA08/HHZ.D/C7.PA08..HHZ.D.2025.248: [Errno 2] No such file
Error downloading /involcan/mseed/2025/C7/PA09/HHE.D/C7.PA09..HHE.D.2025.248: [Errno 2] No such file
Error downloading /involcan/mseed/2025/C7/PA09/HHN.D/C7.PA09..HHN.D.2025.248: [Errno 2] No such file
Error downloading /involcan/mseed/2025/C7/PA09/HHZ.D/C7.PA09..HHZ.D.2025.248: [Errno 2] No such file
Error downloading /involcan/mseed/2025/C7/PBBA/HHE.D/C7.PBBA..HHE.D.2025.248: [Errno 2] No such file
Error downloading /involcan/mseed/2025/C7/PBBA/HHN.D/C7.PBBA..HHN.D.2025.248: [Errno 2] No such file
Error downloading /involcan/mseed/2025/C7/PBBA/HHZ.D/C7.PBBA..HHZ.D.2025.248: [Errno 2] No such file
Error downloading /involcan/mseed/2025/C7/PCOR/HHE.D/C7.PCOR..HHE.D.2025.248: [Errno 2] No such file
Error downloading /involcan/mseed/2025/C7/PCOR/HHN.D/C7.PCOR..HHN.D.2025.248: [Errno 2] No such file
Error downloading /involcan/mseed/2025/C7/PCOR/HHZ.D/C7.PCOR..HHZ.D.2025.248: [Errno 2] No such file
Error downloading /involcan/mseed/2025/C7/PLPI/HHE.D/C7.PLPI..HHE.D.2025.248: [Errno 2] No such file
Error downloading /involcan/mseed/2025/C7/PLPI/HHN.D/C7.PLPI..HHN.D.2025.248: [Errno 2] No such file
Error downloading /involcan/mseed/2025/C7/PLPI/HHZ.D/C7.PLPI..HHZ.D.2025.248: [Errno 2] No such file
Error downloading /involcan/mseed/2025/C7/PMLU/HHE.D/C7.PMLU..HHE.D.2025.248: [Errno 2] No such file
Error downloading /involcan/mseed/2025/C7/PMLU/HHN.D/C7.PMLU..HHN.D.2025.248: [Errno 2] No such file
Error downloading /involcan/mseed/2025/C7/PMLU/HHZ.D/C7.PMLU..HHZ.D.2025.248: [Errno 2] No such file
Process completed. Total time: 0:00:08.251459
9 successful downloads. 42 failed downloads.

==============================================================

stations: PA00 PA01 PA02 PA03 PA04 PA05 PA06 PA07 PA08 PA09 PBBA PCOR PGAR PLPI PMLU PPMA PTAB
channels: HHE HHN HHZ
[vie 05 sep 2025 09:35:03 CEST] Dowloading files...
Connecting to 193.147.109.7...
Connected to 193.147.109.7.
Downloading files...
Error downloading /involcan/mseed/2025/C7/PA00/HHE.D/C7.PA00..HHE.D.2025.248: [Errno 2] No such file
Error downloading /involcan/mseed/2025/C7/PA00/HHN.D/C7.PA00..HHN.D.2025.248: [Errno 2] No such file
Error downloading /involcan/mseed/2025/C7/PA00/HHZ.D/C7.PA00..HHZ.D.2025.248: [Errno 2] No such file
Error downloading /involcan/mseed/2025/C7/PA01/HHE.D/C7.PA01..HHE.D.2025.248: [Errno 2] No such file
Error downloading /involcan/mseed/2025/C7/PA01/HHN.D/C7.PA01..HHN.D.2025.248: [Errno 2] No such file
Error downloading /involcan/mseed/2025/C7/PA01/HHZ.D/C7.PA01..HHZ.D.2025.248: [Errno 2] No such file
Error downloading /involcan/mseed/2025/C7/PA02/HHE.D/C7.PA02..HHE.D.2025.248: [Errno 2] No such file
Error downloading /involcan/mseed/2025/C7/PA02/HHN.D/C7.PA02..HHN.D.2025.248: [Errno 2] No such file
Error downloading /involcan/mseed/2025/C7/PA02/HHZ.D/C7.PA02..HHZ.D.2025.248: [Errno 2] No such file
Error downloading /involcan/mseed/2025/C7/PA03/HHE.D/C7.PA03..HHE.D.2025.248: [Errno 2] No such file
Error downloading /involcan/mseed/2025/C7/PA03/HHN.D/C7.PA03..HHN.D.2025.248: [Errno 2] No such file
Error downloading /involcan/mseed/2025/C7/PA03/HHZ.D/C7.PA03..HHZ.D.2025.248: [Errno 2] No such file
Error downloading /involcan/mseed/2025/C7/PA04/HHE.D/C7.PA04..HHE.D.2025.248: [Errno 2] No such file
Error downloading /involcan/mseed/2025/C7/PA04/HHN.D/C7.PA04..HHN.D.2025.248: [Errno 2] No such file
Error downloading /involcan/mseed/2025/C7/PA04/HHZ.D/C7.PA04..HHZ.D.2025.248: [Errno 2] No such file
Error downloading /involcan/mseed/2025/C7/PA05/HHE.D/C7.PA05..HHE.D.2025.248: [Errno 2] No such file
Error downloading /involcan/mseed/2025/C7/PA05/HHN.D/C7.PA05..HHN.D.2025.248: [Errno 2] No such file
Error downloading /involcan/mseed/2025/C7/PA05/HHZ.D/C7.PA05..HHZ.D.2025.248: [Errno 2] No such file
Error downloading /involcan/mseed/2025/C7/PA06/HHE.D/C7.PA06..HHE.D.2025.248: [Errno 2] No such file
Error downloading /involcan/mseed/2025/C7/PA06/HHN.D/C7.PA06..HHN.D.2025.248: [Errno 2] No such file
Error downloading /involcan/mseed/2025/C7/PA06/HHZ.D/C7.PA06..HHZ.D.2025.248: [Errno 2] No such file
Error downloading /involcan/mseed/2025/C7/PA07/HHE.D/C7.PA07..HHE.D.2025.248: [Errno 2] No such file
Error downloading /involcan/mseed/2025/C7/PA07/HHN.D/C7.PA07..HHN.D.2025.248: [Errno 2] No such file
Error downloading /involcan/mseed/2025/C7/PA07/HHZ.D/C7.PA07..HHZ.D.2025.248: [Errno 2] No such file
Error downloading /involcan/mseed/2025/C7/PA08/HHE.D/C7.PA08..HHE.D.2025.248: [Errno 2] No such file
Error downloading /involcan/mseed/2025/C7/PA08/HHN.D/C7.PA08..HHN.D.2025.248: [Errno 2] No such file
Error downloading /involcan/mseed/2025/C7/PA08/HHZ.D/C7.PA08..HHZ.D.2025.248: [Errno 2] No such file
Error downloading /involcan/mseed/2025/C7/PA09/HHE.D/C7.PA09..HHE.D.2025.248: [Errno 2] No such file
Error downloading /involcan/mseed/2025/C7/PA09/HHN.D/C7.PA09..HHN.D.2025.248: [Errno 2] No such file
Error downloading /involcan/mseed/2025/C7/PA09/HHZ.D/C7.PA09..HHZ.D.2025.248: [Errno 2] No such file
Error downloading /involcan/mseed/2025/C7/PBBA/HHE.D/C7.PBBA..HHE.D.2025.248: [Errno 2] No such file
Error downloading /involcan/mseed/2025/C7/PBBA/HHN.D/C7.PBBA..HHN.D.2025.248: [Errno 2] No such file
Error downloading /involcan/mseed/2025/C7/PBBA/HHZ.D/C7.PBBA..HHZ.D.2025.248: [Errno 2] No such file
Error downloading /involcan/mseed/2025/C7/PCOR/HHE.D/C7.PCOR..HHE.D.2025.248: [Errno 2] No such file
Error downloading /involcan/mseed/2025/C7/PCOR/HHN.D/C7.PCOR..HHN.D.2025.248: [Errno 2] No such file
Error downloading /involcan/mseed/2025/C7/PCOR/HHZ.D/C7.PCOR..HHZ.D.2025.248: [Errno 2] No such file
Error downloading /involcan/mseed/2025/C7/PLPI/HHE.D/C7.PLPI..HHE.D.2025.248: [Errno 2] No such file
Error downloading /involcan/mseed/2025/C7/PLPI/HHN.D/C7.PLPI..HHN.D.2025.248: [Errno 2] No such file
Error downloading /involcan/mseed/2025/C7/PLPI/HHZ.D/C7.PLPI..HHZ.D.2025.248: [Errno 2] No such file
Error downloading /involcan/mseed/2025/C7/PMLU/HHE.D/C7.PMLU..HHE.D.2025.248: [Errno 2] No such file
Error downloading /involcan/mseed/2025/C7/PMLU/HHN.D/C7.PMLU..HHN.D.2025.248: [Errno 2] No such file
Error downloading /involcan/mseed/2025/C7/PMLU/HHZ.D/C7.PMLU..HHZ.D.2025.248: [Errno 2] No such file
Process completed. Total time: 0:00:08.327225
9 successful downloads. 42 failed downloads.

==============================================================

stations: PA00 PA01 PA02 PA03 PA04 PA05 PA06 PA07 PA08 PA09 PBBA PCOR PGAR PLPI PMLU PPMA PTAB
channels: HHE HHN HHZ
[vie 05 sep 2025 09:40:03 CEST] Dowloading files...
Connecting to 193.147.109.7...
Connected to 193.147.109.7.
Downloading files...
Error downloading /involcan/mseed/2025/C7/PA00/HHE.D/C7.PA00..HHE.D.2025.248: [Errno 2] No such file
Error downloading /involcan/mseed/2025/C7/PA00/HHN.D/C7.PA00..HHN.D.2025.248: [Errno 2] No such file
Error downloading /involcan/mseed/2025/C7/PA00/HHZ.D/C7.PA00..HHZ.D.2025.248: [Errno 2] No such file
Error downloading /involcan/mseed/2025/C7/PA01/HHE.D/C7.PA01..HHE.D.2025.248: [Errno 2] No such file
Error downloading /involcan/mseed/2025/C7/PA01/HHN.D/C7.PA01..HHN.D.2025.248: [Errno 2] No such file
Error downloading /involcan/mseed/2025/C7/PA01/HHZ.D/C7.PA01..HHZ.D.2025.248: [Errno 2] No such file
Error downloading /involcan/mseed/2025/C7/PA02/HHE.D/C7.PA02..HHE.D.2025.248: [Errno 2] No such file
Error downloading /involcan/mseed/2025/C7/PA02/HHN.D/C7.PA02..HHN.D.2025.248: [Errno 2] No such file
Error downloading /involcan/mseed/2025/C7/PA02/HHZ.D/C7.PA02..HHZ.D.2025.248: [Errno 2] No such file
Error downloading /involcan/mseed/2025/C7/PA03/HHE.D/C7.PA03..HHE.D.2025.248: [Errno 2] No such file
Error downloading /involcan/mseed/2025/C7/PA03/HHN.D/C7.PA03..HHN.D.2025.248: [Errno 2] No such file
Error downloading /involcan/mseed/2025/C7/PA03/HHZ.D/C7.PA03..HHZ.D.2025.248: [Errno 2] No such file
Error downloading /involcan/mseed/2025/C7/PA04/HHE.D/C7.PA04..HHE.D.2025.248: [Errno 2] No such file
Error downloading /involcan/mseed/2025/C7/PA04/HHN.D/C7.PA04..HHN.D.2025.248: [Errno 2] No such file
Error downloading /involcan/mseed/2025/C7/PA04/HHZ.D/C7.PA04..HHZ.D.2025.248: [Errno 2] No such file
Error downloading /involcan/mseed/2025/C7/PA05/HHE.D/C7.PA05..HHE.D.2025.248: [Errno 2] No such file
Error downloading /involcan/mseed/2025/C7/PA05/HHN.D/C7.PA05..HHN.D.2025.248: [Errno 2] No such file
Error downloading /involcan/mseed/2025/C7/PA05/HHZ.D/C7.PA05..HHZ.D.2025.248: [Errno 2] No such file
Error downloading /involcan/mseed/2025/C7/PA06/HHE.D/C7.PA06..HHE.D.2025.248: [Errno 2] No such file
Error downloading /involcan/mseed/2025/C7/PA06/HHN.D/C7.PA06..HHN.D.2025.248: [Errno 2] No such file
Error downloading /involcan/mseed/2025/C7/PA06/HHZ.D/C7.PA06..HHZ.D.2025.248: [Errno 2] No such file
Error downloading /involcan/mseed/2025/C7/PA07/HHE.D/C7.PA07..HHE.D.2025.248: [Errno 2] No such file
Error downloading /involcan/mseed/2025/C7/PA07/HHN.D/C7.PA07..HHN.D.2025.248: [Errno 2] No such file
Error downloading /involcan/mseed/2025/C7/PA07/HHZ.D/C7.PA07..HHZ.D.2025.248: [Errno 2] No such file
Error downloading /involcan/mseed/2025/C7/PA08/HHE.D/C7.PA08..HHE.D.2025.248: [Errno 2] No such file
Error downloading /involcan/mseed/2025/C7/PA08/HHN.D/C7.PA08..HHN.D.2025.248: [Errno 2] No such file
Error downloading /involcan/mseed/2025/C7/PA08/HHZ.D/C7.PA08..HHZ.D.2025.248: [Errno 2] No such file
Error downloading /involcan/mseed/2025/C7/PA09/HHE.D/C7.PA09..HHE.D.2025.248: [Errno 2] No such file
Error downloading /involcan/mseed/2025/C7/PA09/HHN.D/C7.PA09..HHN.D.2025.248: [Errno 2] No such file
Error downloading /involcan/mseed/2025/C7/PA09/HHZ.D/C7.PA09..HHZ.D.2025.248: [Errno 2] No such file
Error downloading /involcan/mseed/2025/C7/PBBA/HHE.D/C7.PBBA..HHE.D.2025.248: [Errno 2] No such file
Error downloading /involcan/mseed/2025/C7/PBBA/HHN.D/C7.PBBA..HHN.D.2025.248: [Errno 2] No such file
Error downloading /involcan/mseed/2025/C7/PBBA/HHZ.D/C7.PBBA..HHZ.D.2025.248: [Errno 2] No such file
Error downloading /involcan/mseed/2025/C7/PCOR/HHE.D/C7.PCOR..HHE.D.2025.248: [Errno 2] No such file
Error downloading /involcan/mseed/2025/C7/PCOR/HHN.D/C7.PCOR..HHN.D.2025.248: [Errno 2] No such file
Error downloading /involcan/mseed/2025/C7/PCOR/HHZ.D/C7.PCOR..HHZ.D.2025.248: [Errno 2] No such file
Error downloading /involcan/mseed/2025/C7/PLPI/HHE.D/C7.PLPI..HHE.D.2025.248: [Errno 2] No such file
Error downloading /involcan/mseed/2025/C7/PLPI/HHN.D/C7.PLPI..HHN.D.2025.248: [Errno 2] No such file
Error downloading /involcan/mseed/2025/C7/PLPI/HHZ.D/C7.PLPI..HHZ.D.2025.248: [Errno 2] No such file
Error downloading /involcan/mseed/2025/C7/PMLU/HHE.D/C7.PMLU..HHE.D.2025.248: [Errno 2] No such file
Error downloading /involcan/mseed/2025/C7/PMLU/HHN.D/C7.PMLU..HHN.D.2025.248: [Errno 2] No such file
Error downloading /involcan/mseed/2025/C7/PMLU/HHZ.D/C7.PMLU..HHZ.D.2025.248: [Errno 2] No such file
Process completed. Total time: 0:00:08.357480
9 successful downloads. 42 failed downloads.

==============================================================

stations: PA00 PA01 PA02 PA03 PA04 PA05 PA06 PA07 PA08 PA09 PBBA PCOR PGAR PLPI PMLU PPMA PTAB
channels: HHE HHN HHZ
[vie 05 sep 2025 09:45:04 CEST] Dowloading files...
Connecting to 193.147.109.7...
Connected to 193.147.109.7.
Downloading files...
Error downloading /involcan/mseed/2025/C7/PA00/HHE.D/C7.PA00..HHE.D.2025.248: [Errno 2] No such file
Error downloading /involcan/mseed/2025/C7/PA00/HHN.D/C7.PA00..HHN.D.2025.248: [Errno 2] No such file
Error downloading /involcan/mseed/2025/C7/PA00/HHZ.D/C7.PA00..HHZ.D.2025.248: [Errno 2] No such file
Error downloading /involcan/mseed/2025/C7/PA01/HHE.D/C7.PA01..HHE.D.2025.248: [Errno 2] No such file
Error downloading /involcan/mseed/2025/C7/PA01/HHN.D/C7.PA01..HHN.D.2025.248: [Errno 2] No such file
Error downloading /involcan/mseed/2025/C7/PA01/HHZ.D/C7.PA01..HHZ.D.2025.248: [Errno 2] No such file
Error downloading /involcan/mseed/2025/C7/PA02/HHE.D/C7.PA02..HHE.D.2025.248: [Errno 2] No such file
Error downloading /involcan/mseed/2025/C7/PA02/HHN.D/C7.PA02..HHN.D.2025.248: [Errno 2] No such file
Error downloading /involcan/mseed/2025/C7/PA02/HHZ.D/C7.PA02..HHZ.D.2025.248: [Errno 2] No such file
Error downloading /involcan/mseed/2025/C7/PA03/HHE.D/C7.PA03..HHE.D.2025.248: [Errno 2] No such file
Error downloading /involcan/mseed/2025/C7/PA03/HHN.D/C7.PA03..HHN.D.2025.248: [Errno 2] No such file
Error downloading /involcan/mseed/2025/C7/PA03/HHZ.D/C7.PA03..HHZ.D.2025.248: [Errno 2] No such file
Error downloading /involcan/mseed/2025/C7/PA04/HHE.D/C7.PA04..HHE.D.2025.248: [Errno 2] No such file
Error downloading /involcan/mseed/2025/C7/PA04/HHN.D/C7.PA04..HHN.D.2025.248: [Errno 2] No such file
Error downloading /involcan/mseed/2025/C7/PA04/HHZ.D/C7.PA04..HHZ.D.2025.248: [Errno 2] No such file
Error downloading /involcan/mseed/2025/C7/PA05/HHE.D/C7.PA05..HHE.D.2025.248: [Errno 2] No such file
Error downloading /involcan/mseed/2025/C7/PA05/HHN.D/C7.PA05..HHN.D.2025.248: [Errno 2] No such file
Error downloading /involcan/mseed/2025/C7/PA05/HHZ.D/C7.PA05..HHZ.D.2025.248: [Errno 2] No such file
Error downloading /involcan/mseed/2025/C7/PA06/HHE.D/C7.PA06..HHE.D.2025.248: [Errno 2] No such file
Error downloading /involcan/mseed/2025/C7/PA06/HHN.D/C7.PA06..HHN.D.2025.248: [Errno 2] No such file
Error downloading /involcan/mseed/2025/C7/PA06/HHZ.D/C7.PA06..HHZ.D.2025.248: [Errno 2] No such file
Error downloading /involcan/mseed/2025/C7/PA07/HHE.D/C7.PA07..HHE.D.2025.248: [Errno 2] No such file
Error downloading /involcan/mseed/2025/C7/PA07/HHN.D/C7.PA07..HHN.D.2025.248: [Errno 2] No such file
Error downloading /involcan/mseed/2025/C7/PA07/HHZ.D/C7.PA07..HHZ.D.2025.248: [Errno 2] No such file
Error downloading /involcan/mseed/2025/C7/PA08/HHE.D/C7.PA08..HHE.D.2025.248: [Errno 2] No such file
Error downloading /involcan/mseed/2025/C7/PA08/HHN.D/C7.PA08..HHN.D.2025.248: [Errno 2] No such file
Error downloading /involcan/mseed/2025/C7/PA08/HHZ.D/C7.PA08..HHZ.D.2025.248: [Errno 2] No such file
Error downloading /involcan/mseed/2025/C7/PA09/HHE.D/C7.PA09..HHE.D.2025.248: [Errno 2] No such file
Error downloading /involcan/mseed/2025/C7/PA09/HHN.D/C7.PA09..HHN.D.2025.248: [Errno 2] No such file
Error downloading /involcan/mseed/2025/C7/PA09/HHZ.D/C7.PA09..HHZ.D.2025.248: [Errno 2] No such file
Error downloading /involcan/mseed/2025/C7/PBBA/HHE.D/C7.PBBA..HHE.D.2025.248: [Errno 2] No such file
Error downloading /involcan/mseed/2025/C7/PBBA/HHN.D/C7.PBBA..HHN.D.2025.248: [Errno 2] No such file
Error downloading /involcan/mseed/2025/C7/PBBA/HHZ.D/C7.PBBA..HHZ.D.2025.248: [Errno 2] No such file
Error downloading /involcan/mseed/2025/C7/PCOR/HHE.D/C7.PCOR..HHE.D.2025.248: [Errno 2] No such file
Error downloading /involcan/mseed/2025/C7/PCOR/HHN.D/C7.PCOR..HHN.D.2025.248: [Errno 2] No such file
Error downloading /involcan/mseed/2025/C7/PCOR/HHZ.D/C7.PCOR..HHZ.D.2025.248: [Errno 2] No such file
Error downloading /involcan/mseed/2025/C7/PLPI/HHE.D/C7.PLPI..HHE.D.2025.248: [Errno 2] No such file
Error downloading /involcan/mseed/2025/C7/PLPI/HHN.D/C7.PLPI..HHN.D.2025.248: [Errno 2] No such file
Error downloading /involcan/mseed/2025/C7/PLPI/HHZ.D/C7.PLPI..HHZ.D.2025.248: [Errno 2] No such file
Error downloading /involcan/mseed/2025/C7/PMLU/HHE.D/C7.PMLU..HHE.D.2025.248: [Errno 2] No such file
Error downloading /involcan/mseed/2025/C7/PMLU/HHN.D/C7.PMLU..HHN.D.2025.248: [Errno 2] No such file
Error downloading /involcan/mseed/2025/C7/PMLU/HHZ.D/C7.PMLU..HHZ.D.2025.248: [Errno 2] No such file
Process completed. Total time: 0:00:08.621837
9 successful downloads. 42 failed downloads.

==============================================================

